Test project /workspace/CnC_Generals_Zero_Hour/build
No tests were found!!!
